D:\git\spark1.5\sql\core\src\test\gen-java\org\apache\spark\sql\execution\datasources\parquet\test\avro\Nested.java
D:\git\spark1.5\sql\core\src\test\java\test\org\apache\spark\sql\JavaUDFSuite.java
D:\git\spark1.5\sql\core\src\test\gen-java\org\apache\spark\sql\execution\datasources\parquet\test\avro\ParquetEnum.java
D:\git\spark1.5\sql\core\src\test\gen-java\org\apache\spark\sql\execution\datasources\parquet\test\avro\ParquetAvroCompat.java
D:\git\spark1.5\sql\core\src\test\gen-java\org\apache\spark\sql\execution\datasources\parquet\test\avro\AvroNonNullableArrays.java
D:\git\spark1.5\sql\core\src\test\gen-java\org\apache\spark\sql\execution\datasources\parquet\test\avro\AvroMapOfArray.java
D:\git\spark1.5\sql\core\src\test\gen-java\org\apache\spark\sql\execution\datasources\parquet\test\avro\AvroOptionalPrimitives.java
D:\git\spark1.5\sql\core\src\test\gen-java\org\apache\spark\sql\execution\datasources\parquet\test\avro\Suit.java
D:\git\spark1.5\sql\core\src\test\java\test\org\apache\spark\sql\sources\JavaSaveLoadSuite.java
D:\git\spark1.5\sql\core\src\test\gen-java\org\apache\spark\sql\execution\datasources\parquet\test\avro\AvroPrimitives.java
D:\git\spark1.5\sql\core\src\test\gen-java\org\apache\spark\sql\execution\datasources\parquet\test\avro\AvroArrayOfArray.java
D:\git\spark1.5\sql\core\src\test\java\test\org\apache\spark\sql\JavaRowSuite.java
D:\git\spark1.5\sql\core\src\test\gen-java\org\apache\spark\sql\execution\datasources\parquet\test\avro\CompatibilityTest.java
D:\git\spark1.5\sql\core\src\test\java\test\org\apache\spark\sql\JavaDataFrameSuite.java
D:\git\spark1.5\sql\core\src\test\java\test\org\apache\spark\sql\JavaApplySchemaSuite.java
