D:\git\spark1.5\sql\core\src\main\java\org\apache\spark\sql\api\java\UDF10.java
D:\git\spark1.5\sql\core\src\main\java\org\apache\spark\sql\api\java\UDF18.java
D:\git\spark1.5\sql\core\src\main\java\org\apache\spark\sql\api\java\UDF3.java
D:\git\spark1.5\sql\core\src\main\java\org\apache\spark\sql\api\java\UDF14.java
D:\git\spark1.5\sql\core\src\main\java\org\apache\spark\sql\api\java\UDF4.java
D:\git\spark1.5\sql\core\src\main\java\org\apache\spark\sql\api\java\UDF8.java
D:\git\spark1.5\sql\core\src\main\java\org\apache\spark\sql\api\java\UDF21.java
D:\git\spark1.5\sql\core\src\main\java\org\apache\spark\sql\api\java\UDF1.java
D:\git\spark1.5\sql\core\src\main\java\org\apache\spark\sql\execution\UnsafeKVExternalSorter.java
D:\git\spark1.5\sql\core\src\main\java\org\apache\spark\sql\api\java\UDF2.java
D:\git\spark1.5\sql\core\src\main\java\org\apache\spark\sql\api\java\UDF16.java
D:\git\spark1.5\sql\core\src\main\java\org\apache\spark\sql\api\java\UDF12.java
D:\git\spark1.5\sql\core\src\main\java\org\apache\spark\sql\api\java\UDF15.java
D:\git\spark1.5\sql\core\src\main\java\org\apache\spark\sql\api\java\UDF11.java
D:\git\spark1.5\sql\core\src\main\java\org\apache\spark\sql\api\java\UDF13.java
D:\git\spark1.5\sql\core\src\main\java\org\apache\spark\sql\api\java\UDF19.java
D:\git\spark1.5\sql\core\src\main\java\org\apache\spark\sql\api\java\package-info.java
D:\git\spark1.5\sql\core\src\main\java\org\apache\spark\sql\api\java\UDF7.java
D:\git\spark1.5\sql\core\src\main\java\org\apache\spark\sql\api\java\UDF9.java
D:\git\spark1.5\sql\core\src\main\java\org\apache\spark\sql\api\java\UDF5.java
D:\git\spark1.5\sql\core\src\main\java\org\apache\spark\sql\api\java\UDF6.java
D:\git\spark1.5\sql\core\src\main\java\org\apache\spark\sql\api\java\UDF20.java
D:\git\spark1.5\sql\core\src\main\java\org\apache\spark\sql\SaveMode.java
D:\git\spark1.5\sql\core\src\main\java\org\apache\spark\sql\api\java\UDF22.java
D:\git\spark1.5\sql\core\src\main\java\org\apache\spark\sql\api\java\UDF17.java
D:\git\spark1.5\sql\core\src\main\java\org\apache\spark\sql\execution\UnsafeFixedWidthAggregationMap.java
